Determining PCB data.
Build STEP data.
Adding component J7.
Adding component D3.
Adding component R12.
Adding component R4.
Adding component R3.
Adding component R16.
Adding component C3.
Adding component J1.
Adding component C1.
Adding component R14.
Adding component JP1.
Adding component R2.
Adding component R5.
Adding component R6.
Adding component R13.
Adding component R10.
Adding component J3.
Adding component R11.
Adding component R15.
Adding component R1.
Adding component D2.
Adding component Q2.
Create PCB solid model.
Board outline: found 4 initial points.
Build board outlines (1 outlines) with 4 points.
Build board cutouts and holes (246 hole(s)).
Subtracting holes for shapes
Subtracting holes for pads
Subtracting holes for vias
Generate board full shape.
Writing STEP file.

*******************************************************************
******        Statistics on Transfer (Write)                 ******

*******************************************************************
******        Transfer Mode = 0  I.E.  As Is       ******
******        Transferring Shape, ShapeType = 0                      ******
** WorkSession : Sending all data
 Step File Name : $tempfile$.step(105775 ents)  Write  Done
2026-09-11 12:57:00.391 kicad-cli[82286:24736906] Error retrieving source file attributes: Error Domain=NSCocoaErrorDomain Code=260 "The file “carrier-native.step” couldn’t be opened because there is no such file." UserInfo={NSFilePath=enclosure/fusion-r8/populated/carrier-native.step, NSURL=enclosure/fusion-r8/populated/carrier-native.step -- file:///Users/eugene.borokhov/Documents/Code/pitclaw/enclosure/fusion-r8/populated/, NSUnderlyingError=0xa96c14390 {Error Domain=NSPOSIXErrorDomain Code=2 "No such file or directory"}}
STEP file 'enclosure/fusion-r8/populated/carrier-native.step' created.

Export time 1.382 s
