{
  "host": "KiCad's Pcbnew,9.0.6",
  "unit": "mm",
  "board": {
    "bounding_box": {
      "x": 1601.0,
      "y": -499.0,
      "width": 999.0,
      "height": -1421.0
    },
    "size": {
      "x": 0.0,
      "y": 0.0,
      "width": 602.0,
      "height": 922.0
    }
  },
  "layers": {
    "total_count": 2,
    "signal_count": 2
  },
  "items": {
    "total_count": 1091,
    "trace_count": 107,
    "via_count": 7,
    "conduction_area_count": 0,
    "drill_item_count": 104,
    "pin_count": 0,
    "component_count": 837,
    "other_count": 36
  },
  "components": {
    "total_count": 43
  },
  "pads": {
    "total_count": 104
  },
  "nets": {
    "total_count": 31,
    "class_count": 4
  },
  "connections": {
    "maximum_count": 187,
    "incomplete_count": 2
  },
  "traces": {
    "total_count": 107,
    "total_segment_count": 261,
    "total_length": 14014.039,
    "total_weighted_length": 8.379812E7,
    "average_length": 130.97232,
    "total_vertical_length": 5134.024,
    "total_horizontal_length": 2480.26,
    "total_angled_length": 3589.6665
  },
  "bends": {
    "total_count": 154,
    "90_degree_count": 1,
    "45_degree_count": 153,
    "other_angle_count": 0
  },
  "vias": {
    "total_count": 7,
    "through_hole_count": 7,
    "blind_count": 0,
    "buried_count": 0
  },
  "clearance_violations": {
    "total_count": 0
  }
}
