{
  "host": "KiCad's Pcbnew,9.0.6",
  "unit": "mm",
  "board": {
    "bounding_box": {
      "x": 1601.0,
      "y": -499.0,
      "width": 999.0,
      "height": -1421.0
    },
    "size": {
      "x": 0.0,
      "y": 0.0,
      "width": 602.0,
      "height": 922.0
    }
  },
  "layers": {
    "total_count": 2,
    "signal_count": 2
  },
  "items": {
    "total_count": 1177,
    "trace_count": 192,
    "via_count": 8,
    "conduction_area_count": 0,
    "drill_item_count": 104,
    "pin_count": 0,
    "component_count": 837,
    "other_count": 36
  },
  "components": {
    "total_count": 43
  },
  "pads": {
    "total_count": 104
  },
  "nets": {
    "total_count": 31,
    "class_count": 6
  },
  "connections": {
    "maximum_count": 273,
    "incomplete_count": 2
  },
  "traces": {
    "total_count": 192,
    "total_segment_count": 258,
    "total_length": 14636.592,
    "total_weighted_length": 2811166.8,
    "average_length": 76.23225,
    "total_vertical_length": 6377.524,
    "total_horizontal_length": 3224.4,
    "total_angled_length": 6564.6973
  },
  "bends": {
    "total_count": 66,
    "90_degree_count": 1,
    "45_degree_count": 64,
    "other_angle_count": 1
  },
  "vias": {
    "total_count": 8,
    "through_hole_count": 8,
    "blind_count": 0,
    "buried_count": 0
  },
  "clearance_violations": {
    "total_count": 0
  }
}
