{
  "host": "KiCad's Pcbnew,9.0.6",
  "unit": "mm",
  "board": {
    "bounding_box": {
      "x": 1601.0,
      "y": -499.0,
      "width": 999.0,
      "height": -1421.0
    },
    "size": {
      "x": 0.0,
      "y": 0.0,
      "width": 602.0,
      "height": 922.0
    }
  },
  "layers": {
    "total_count": 2,
    "signal_count": 2
  },
  "items": {
    "total_count": 1094,
    "trace_count": 112,
    "via_count": 5,
    "conduction_area_count": 0,
    "drill_item_count": 104,
    "pin_count": 0,
    "component_count": 837,
    "other_count": 36
  },
  "components": {
    "total_count": 43
  },
  "pads": {
    "total_count": 104
  },
  "nets": {
    "total_count": 31,
    "class_count": 5
  },
  "connections": {
    "maximum_count": 190,
    "incomplete_count": 3
  },
  "traces": {
    "total_count": 112,
    "total_segment_count": 272,
    "total_length": 13809.268,
    "total_weighted_length": 8.045998E7,
    "average_length": 123.29704,
    "total_vertical_length": 4416.383,
    "total_horizontal_length": 3158.712,
    "total_angled_length": 3744.5334
  },
  "bends": {
    "total_count": 160,
    "90_degree_count": 0,
    "45_degree_count": 160,
    "other_angle_count": 0
  },
  "vias": {
    "total_count": 5,
    "through_hole_count": 5,
    "blind_count": 0,
    "buried_count": 0
  },
  "clearance_violations": {
    "total_count": 0
  }
}
