{
  "pcb_sha256": "7d648c85aaa1fabd4f39074680c3daeb83a75353a57960b03cd88eaad8274764",
  "thickness": 1.6,
  "copper_layers": 2,
  "min_track": 0.3,
  "mask_expansion": 0.0,
  "mask_minwidth_setting": 0.0
}
hole_gaps 58 [
  {
    "a": "U2.1",
    "b": "U2.2",
    "gap": 1.1406
  },
  {
    "a": "U2.2",
    "b": "U2.3",
    "gap": 1.1406
  },
  {
    "a": "Q1.1",
    "b": "Q1.2",
    "gap": 1.1406
  },
  {
    "a": "Q1.2",
    "b": "Q1.3",
    "gap": 1.1406
  },
  {
    "a": "J2.1",
    "b": "J2.3",
    "gap": 1.1426
  },
  {
    "a": "J2.2",
    "b": "J2.4",
    "gap": 1.1426
  },
  {
    "a": "J2.3",
    "b": "J2.5",
    "gap": 1.1426
  },
  {
    "a": "J2.4",
    "b": "J2.6",
    "gap": 1.1426
  },
  {
    "a": "J2.5",
    "b": "J2.7",
    "gap": 1.1426
  },
  {
    "a": "J2.6",
    "b": "J2.8",
    "gap": 1.1426
  },
  {
    "a": "J2.1",
    "b": "J2.2",
    "gap": 1.1602
  },
  {
    "a": "J2.2",
    "b": "J2.3",
    "gap": 1.1602
  },
  {
    "a": "J2.3",
    "b": "J2.4",
    "gap": 1.1602
  },
  {
    "a": "J2.4",
    "b": "J2.5",
    "gap": 1.1602
  },
  {
    "a": "J2.5",
    "b": "J2.6",
    "gap": 1.1602
  }
]
mask_gaps 32 [
  {
    "a": "J2.1",
    "b": "J2.2",
    "gap": 0.3133
  },
  {
    "a": "Q1.1",
    "b": "Q1.2",
    "gap": 0.4406
  },
  {
    "a": "Q1.2",
    "b": "Q1.3",
    "gap": 0.4406
  },
  {
    "a": "J2.1",
    "b": "J2.3",
    "gap": 0.532
  },
  {
    "a": "J2.2",
    "b": "J2.4",
    "gap": 0.532
  },
  {
    "a": "J2.3",
    "b": "J2.5",
    "gap": 0.532
  },
  {
    "a": "J2.4",
    "b": "J2.6",
    "gap": 0.532
  },
  {
    "a": "J2.5",
    "b": "J2.7",
    "gap": 0.532
  },
  {
    "a": "J2.6",
    "b": "J2.8",
    "gap": 0.532
  },
  {
    "a": "U2.1",
    "b": "U2.2",
    "gap": 0.5406
  },
  {
    "a": "U2.2",
    "b": "U2.3",
    "gap": 0.5406
  },
  {
    "a": "J2.2",
    "b": "J2.3",
    "gap": 0.5492
  },
  {
    "a": "J2.3",
    "b": "J2.4",
    "gap": 0.5492
  },
  {
    "a": "J2.4",
    "b": "J2.5",
    "gap": 0.5492
  },
  {
    "a": "J2.5",
    "b": "J2.6",
    "gap": 0.5492
  }
]
hole_to_tracks 79 [
  {
    "hole": "via@33.7771,49.2927",
    "hole_xy": [
      33.7771,
      49.2927
    ],
    "track_start": [
      35.67269999999999,
      48.7817
    ],
    "track_end": [
      33.221000000000004,
      46.33
    ],
    "net": "/WALL_12V",
    "gap": 0.5023
  },
  {
    "hole": "via@20.0051,31.2139",
    "hole_xy": [
      20.0051,
      31.2139
    ],
    "track_start": [
      17.0,
      29.413200000000003
    ],
    "track_end": [
      20.586799999999997,
      33.0
    ],
    "net": "/SDA",
    "gap": 0.5023
  },
  {
    "hole": "via@9.2887,31.8853",
    "hole_xy": [
      9.2887,
      31.8853
    ],
    "track_start": [
      10.590400000000002,
      32.424499999999995
    ],
    "track_end": [
      7.469999999999999,
      35.5449
    ],
    "net": "/+5V",
    "gap": 0.5023
  },
  {
    "hole": "via@38.6185,35.5361",
    "hole_xy": [
      38.6185,
      35.5361
    ],
    "track_start": [
      37.8604,
      35.0895
    ],
    "track_end": [
      37.8604,
      11.784100000000002
    ],
    "net": "/PROBE2",
    "gap": 0.5305
  },
  {
    "hole": "via@38.6185,35.5361",
    "hole_xy": [
      38.6185,
      35.5361
    ],
    "track_start": [
      37.258700000000005,
      35.691199999999995
    ],
    "track_end": [
      37.8604,
      35.0895
    ],
    "net": "/PROBE2",
    "gap": 0.5305
  },
  {
    "hole": "via@23.4444,66.5",
    "hole_xy": [
      23.4444,
      66.5
    ],
    "track_start": [
      22.08,
      64.4539
    ],
    "track_end": [
      22.08,
      70.75
    ],
    "net": "/+5V",
    "gap": 0.5648
  },
  {
    "hole": "via@9.2887,31.8853",
    "hole_xy": [
      9.2887,
      31.8853
    ],
    "track_start": [
      10.590400000000002,
      32.305400000000006
    ],
    "track_end": [
      10.590400000000002,
      32.424499999999995
    ],
    "net": "/+5V",
    "gap": 0.568
  },
  {
    "hole": "via@9.2887,31.8853",
    "hole_xy": [
      9.2887,
      31.8853
    ],
    "track_start": [
      14.044700000000006,
      28.851100000000002
    ],
    "track_end": [
      10.590400000000002,
      32.305400000000006
    ],
    "net": "/+5V",
    "gap": 0.568
  },
  {
    "hole": "via@9.0,80.6",
    "hole_xy": [
      9.0,
      80.6
    ],
    "track_start": [
      8.557400000000001,
      79.088
    ],
    "track_end": [
      4.282300000000006,
      83.3631
    ],
    "net": "/+5V",
    "gap": 0.5828
  },
  {
    "hole": "J2.",
    "hole_xy": [
      3.15,
      88.42
    ],
    "track_start": [
      4.282300000000006,
      85.5797
    ],
    "track_end": [
      6.295100000000005,
      87.5925
    ],
    "net": "/+5V",
    "gap": 0.5844
  },
  {
    "hole": "J2.",
    "hole_xy": [
      3.15,
      88.42
    ],
    "track_start": [
      6.257400000000004,
      87.5547
    ],
    "track_end": [
      4.2583000000000055,
      85.5556
    ],
    "net": "/FAN_OUT",
    "gap": 0.5844
  },
  {
    "hole": "via@20.1953,59.1793",
    "hole_xy": [
      20.1953,
      59.1793
    ],
    "track_start": [
      16.379999999999995,
      54.0
    ],
    "track_end": [
      23.0938,
      60.7137
    ],
    "net": "/AIN2",
    "gap": 0.6148
  },
  {
    "hole": "J2.8",
    "hole_xy": [
      5.948,
      84.1
    ],
    "track_start": [
      4.282300000000006,
      83.3631
    ],
    "track_end": [
      4.282300000000006,
      85.5797
    ],
    "net": "/+5V",
    "gap": 0.6211
  },
  {
    "hole": "J2.8",
    "hole_xy": [
      5.948,
      84.1
    ],
    "track_start": [
      4.2583000000000055,
      83.42779999999999
    ],
    "track_end": [
      5.4773,
      82.2088
    ],
    "net": "/FAN_OUT",
    "gap": 0.6258
  },
  {
    "hole": "J2.7",
    "hole_xy": [
      6.964,
      85.88
    ],
    "track_start": [
      7.691900000000004,
      87.5547
    ],
    "track_end": [
      6.257400000000004,
      87.5547
    ],
    "net": "/FAN_OUT",
    "gap": 0.6305
  }
]
