ECHO: "DRAFT case W,L,H", [86, 104, 44.9]
ECHO: "FIT_CHECK_INPUTS", [1.6, 1.6, 3, 0, 0]
ECHO: "Carrier underside / top / max component", [7.5, 9.1, 25.1]
ECHO: "Seam / retainer underside / glass front", [27.6, 30.1, 43.4]
ECHO: "USB face setback / pocket floor thickness / channel separation", [2, 1.5, 0.8]
ECHO: "USB local floor skin at hidden PCB / screw-head clearances", [0.943, 0.983]
ECHO: "USB PCB / mounting hardware clearance from normal wall", [0.643, 0.683]
ECHO: "UNMEASURED: OEM rear mounting plane, screw engagement, glass pad preload,"
ECHO: "rear components/antenna/cables, all plug overmolds and most connector Z."

Fontconfig error: No writable cache directories
	/Users/eugene.borokhov/.cache/fontconfig
	/Users/eugene.borokhov/.fontconfig
	/usr/local/var/cache/fontconfig
	/opt/local/var/cache/fontconfig
	/usr/X11/var/cache/fontconfig

Fontconfig error: No writable cache directories
	/Users/eugene.borokhov/.cache/fontconfig
	/Users/eugene.borokhov/.fontconfig
	/usr/local/var/cache/fontconfig
	/opt/local/var/cache/fontconfig
	/usr/X11/var/cache/fontconfig

Fontconfig error: No writable cache directories
	/Users/eugene.borokhov/.cache/fontconfig
	/Users/eugene.borokhov/.fontconfig
	/usr/local/var/cache/fontconfig
	/opt/local/var/cache/fontconfig
	/usr/X11/var/cache/fontconfig

Fontconfig error: No writable cache directories
	/Users/eugene.borokhov/.cache/fontconfig
	/Users/eugene.borokhov/.fontconfig
	/usr/local/var/cache/fontconfig
	/opt/local/var/cache/fontconfig
	/usr/X11/var/cache/fontconfig

Fontconfig error: No writable cache directories
	/Users/eugene.borokhov/.cache/fontconfig
	/Users/eugene.borokhov/.fontconfig
	/usr/local/var/cache/fontconfig
	/opt/local/var/cache/fontconfig
	/usr/X11/var/cache/fontconfig

Fontconfig error: No writable cache directories
	/Users/eugene.borokhov/.cache/fontconfig
	/Users/eugene.borokhov/.fontconfig
	/usr/local/var/cache/fontconfig
	/opt/local/var/cache/fontconfig
	/usr/X11/var/cache/fontconfig

Fontconfig error: No writable cache directories
	/Users/eugene.borokhov/.cache/fontconfig
	/Users/eugene.borokhov/.fontconfig
	/usr/local/var/cache/fontconfig
	/opt/local/var/cache/fontconfig
	/usr/X11/var/cache/fontconfig

Fontconfig error: No writable cache directories
	/Users/eugene.borokhov/.cache/fontconfig
	/Users/eugene.borokhov/.fontconfig
	/usr/local/var/cache/fontconfig
	/opt/local/var/cache/fontconfig
	/usr/X11/var/cache/fontconfig

Fontconfig error: No writable cache directories
	/Users/eugene.borokhov/.cache/fontconfig
	/Users/eugene.borokhov/.fontconfig

Fontconfig error: No writable cache directories
	/Users/eugene.borokhov/.cache/fontconfig
	/Users/eugene.borokhov/.fontconfig

Fontconfig error: No writable cache directories
	/Users/eugene.borokhov/.cache/fontconfig
	/Users/eugene.borokhov/.fontconfig

Fontconfig error: No writable cache directories
	/Users/eugene.borokhov/.cache/fontconfig
	/Users/eugene.borokhov/.fontconfig
Geometries in cache: 21
Geometry cache size in bytes: 184176
CGAL Polyhedrons in cache: 4
CGAL cache size in bytes: 611000
Total rendering time: 0:00:00.851
   Top level object is a 3D object (manifold):
   Status:     NoError
   Genus:      0
   Vertices:     1078
   Facets:       2152
